// Jest Snapshot v1, https://goo.gl/fbAQLP

exports[`Card Snapshot 1`] = `
<div>
  <div
    class="card"
  >
    content
  </div>
</div>
`;
