// Jest Snapshot v1, https://goo.gl/fbAQLP

exports[`Button Snapshot 1`] = `
<div>
  <button
    class="my-button"
  >
    Button
  </button>
</div>
`;
