// Jest Snapshot v1, https://goo.gl/fbAQLP

exports[`Input Snapshot 1`] = `
<div>
  <label />
  <input
    class="my-input"
  />
</div>
`;
